──────────────────────────────────────────────────────────
  Janela #0001   [2026-05-19 08:26:40]
──────────────────────────────────────────────────────────
  Pacotes na janela      : 10
  Bytes na janela        : 980
  Tamanho medio (bytes)  : 98.0
  TTL minimo observado   : 63
  Protocolo dominante    : ICMP (1)
──────────────────────────────────────────────────────────
──────────────────────────────────────────────────────────
  Janela #0002   [2026-05-19 08:26:45]
──────────────────────────────────────────────────────────
  Pacotes na janela      : 10
  Bytes na janela        : 980
  Tamanho medio (bytes)  : 98.0
  TTL minimo observado   : 63
  Protocolo dominante    : ICMP (1)
──────────────────────────────────────────────────────────
──────────────────────────────────────────────────────────
  Janela #0003   [2026-05-19 08:26:51]
──────────────────────────────────────────────────────────
  Pacotes na janela      : 10
  Bytes na janela        : 980
  Tamanho medio (bytes)  : 98.0
  TTL minimo observado   : 63
  Protocolo dominante    : ICMP (1)
──────────────────────────────────────────────────────────
──────────────────────────────────────────────────────────
  Janela #0004   [2026-05-19 08:26:56]
──────────────────────────────────────────────────────────
  Pacotes na janela      : 10
  Bytes na janela        : 980
  Tamanho medio (bytes)  : 98.0
  TTL minimo observado   : 63
  Protocolo dominante    : ICMP (1)
──────────────────────────────────────────────────────────
──────────────────────────────────────────────────────────
  Janela #0005   [2026-05-19 08:27:01]
──────────────────────────────────────────────────────────
  Pacotes na janela      : 10
  Bytes na janela        : 980
  Tamanho medio (bytes)  : 98.0
  TTL minimo observado   : 63
  Protocolo dominante    : ICMP (1)
──────────────────────────────────────────────────────────
──────────────────────────────────────────────────────────
  Janela #0006   [2026-05-19 08:27:06]
──────────────────────────────────────────────────────────
  Pacotes na janela      : 10
  Bytes na janela        : 980
  Tamanho medio (bytes)  : 98.0
  TTL minimo observado   : 63
  Protocolo dominante    : ICMP (1)
──────────────────────────────────────────────────────────
──────────────────────────────────────────────────────────
  Janela #0007   [2026-05-19 08:27:11]
──────────────────────────────────────────────────────────
  Pacotes na janela      : 10
  Bytes na janela        : 980
  Tamanho medio (bytes)  : 98.0
  TTL minimo observado   : 63
  Protocolo dominante    : ICMP (1)
──────────────────────────────────────────────────────────
──────────────────────────────────────────────────────────
  Janela #0008   [2026-05-19 08:27:16]
──────────────────────────────────────────────────────────
  Pacotes na janela      : 10
  Bytes na janela        : 980
  Tamanho medio (bytes)  : 98.0
  TTL minimo observado   : 63
  Protocolo dominante    : ICMP (1)
──────────────────────────────────────────────────────────
──────────────────────────────────────────────────────────
  Janela #0009   [2026-05-19 08:27:21]
──────────────────────────────────────────────────────────
  Pacotes na janela      : 10
  Bytes na janela        : 980
  Tamanho medio (bytes)  : 98.0
  TTL minimo observado   : 63
  Protocolo dominante    : ICMP (1)
──────────────────────────────────────────────────────────
──────────────────────────────────────────────────────────
  Janela #0010   [2026-05-19 08:27:26]
──────────────────────────────────────────────────────────
  Pacotes na janela      : 10
  Bytes na janela        : 980
  Tamanho medio (bytes)  : 98.0
  TTL minimo observado   : 63
  Protocolo dominante    : ICMP (1)
──────────────────────────────────────────────────────────
